<?xml version="1.0"?>
<testsuites>
  <testsuite name="Chrome 27.0.1453 (Linux)" package="undefined" timestamp="2013-07-14T08:04:25" id="0" hostname="tajimajunpei-ThinkPad-X60" tests="3" errors="0" failures="0" time="0.01">
    <properties>
      <property name="browser.fullName" value="Mozilla/5.0 (X11; Linux x86_64) AppleWebKit/537.36 (KHTML, like Gecko) Chrome/27.0.1453.56 Safari/537.36"/>
    </properties>
    <testcase name="should have url attribute `/subscribes`" time="0.003" classname="Chrome 27.0.1453 (Linux).subscribe-collection"/>
    <testcase name="should have idAttribute `_id`" time="0.001" classname="Chrome 27.0.1453 (Linux).subscribe-collection"/>
    <testcase name="should create `SubscribeModel" time="0.006" classname="Chrome 27.0.1453 (Linux).subscribe-collection"/>
    <system-out><![CDATA[
]]></system-out>
    <system-err/>
  </testsuite>
</testsuites>
